#-----------------------------------------------------------
# Webtalk v2020.1 (64-bit)
# SW Build 2902540 on Wed May 27 19:54:49 MDT 2020
# IP Build 2902112 on Wed May 27 22:43:36 MDT 2020
# Start of session at: Wed Oct 14 18:30:42 2020
# Process ID: 30448
# Current directory: C:/Users/bianc/Desktop/Facultate/An3/SSC/Laborator/Laborator 3/project_3.5/project_3.5.sim/sim_1/behav/xsim
# Command line: wbtcv.exe -mode batch -source C:/Users/bianc/Desktop/Facultate/An3/SSC/Laborator/Laborator 3/project_3.5/project_3.5.sim/sim_1/behav/xsim/xsim.dir/automat_5_tb_behav/webtalk/xsim_webtalk.tcl -notrace
# Log file: C:/Users/bianc/Desktop/Facultate/An3/SSC/Laborator/Laborator 3/project_3.5/project_3.5.sim/sim_1/behav/xsim/webtalk.log
# Journal file: C:/Users/bianc/Desktop/Facultate/An3/SSC/Laborator/Laborator 3/project_3.5/project_3.5.sim/sim_1/behav/xsim\webtalk.jou
#-----------------------------------------------------------
source C:/Users/bianc/Desktop/Facultate/An3/SSC/Laborator/Laborator -notrace
